# Innovus streamOut map -> TSMC18 GDS layer numbers (matches tsmc18.layermap)
# LayerName  ObjectType  GDS#  Datatype
METAL1   NET     16  0
METAL1   SPNET   16  0
METAL1   PIN     16  0
METAL1   FILL    16  0
METAL1   VIA     16  0
METAL2   NET     18  0
METAL2   SPNET   18  0
METAL2   PIN     18  0
METAL2   FILL    18  0
METAL2   VIA     18  0
METAL3   NET     28  0
METAL3   SPNET   28  0
METAL3   PIN     28  0
METAL3   FILL    28  0
METAL3   VIA     28  0
METAL4   NET     31  0
METAL4   SPNET   31  0
METAL4   PIN     31  0
METAL4   FILL    31  0
METAL4   VIA     31  0
METAL5   NET     33  0
METAL5   SPNET   33  0
METAL5   PIN     33  0
METAL5   FILL    33  0
METAL5   VIA     33  0
METAL6   NET     38  0
METAL6   SPNET   38  0
METAL6   PIN     38  0
METAL6   FILL    38  0
METAL6   VIA     38  0
VIA12    NET     17  0
VIA12    SPNET   17  0
VIA12    VIA     17  0
VIA23    NET     27  0
VIA23    SPNET   27  0
VIA23    VIA     27  0
VIA34    NET     29  0
VIA34    SPNET   29  0
VIA34    VIA     29  0
VIA45    NET     32  0
VIA45    SPNET   32  0
VIA45    VIA     32  0
VIA56    NET     39  0
VIA56    SPNET   39  0
VIA56    VIA     39  0
